22:18:25 **** Incremental Build of configuration Debug for project 198 ****
make -j8 all 
arm-none-eabi-gcc "../Core/Src/main.c" -mcpu=cortex-m4 -std=gnu11 -g3 -DDEBUG -DUSE_HAL_DRIVER -DSTM32F401xE -c -I../Core/Inc -I../Drivers/STM32F4xx_HAL_Driver/Inc -I../Drivers/STM32F4xx_HAL_Driver/Inc/Legacy -I../Drivers/CMSIS/Device/ST/STM32F4xx/Include -I../Drivers/CMSIS/Include -O0 -ffunction-sections -fdata-sections -Wall -fstack-usage -MMD -MP -MF"Core/Src/main.d" -MT"Core/Src/main.o" --specs=nano.specs -mfpu=fpv4-sp-d16 -mfloat-abi=hard -mthumb -o "Core/Src/main.o"
arm-none-eabi-g++ -o "198.elf" @"objects.list"   -mcpu=cortex-m4 -T"C:\Users\alx30\STM32CubeIDE\workspace_1.10.1\198\STM32F401RETX_FLASH.ld" --specs=nosys.specs -Wl,-Map="198.map" -Wl,--gc-sections -static --specs=nano.specs -mfpu=fpv4-sp-d16 -mfloat-abi=hard -mthumb -Wl,--start-group -lc -lm -lstdc++ -lsupc++ -Wl,--end-group
Finished building target: 198.elf
 
arm-none-eabi-size   198.elf 
arm-none-eabi-objdump -h -S  198.elf  > "198.list"
   text	   data	    bss	    dec	    hex	filename
  15476	    120	   1920	  17516	   446c	198.elf
Finished building: default.size.stdout
 
Finished building: 198.list
 

22:18:34 Build Finished. 0 errors, 0 warnings. (took 9s.396ms)

