../Drivers/CMSIS/Include/core_cm4.h:2064:26:ITM_SendChar	16	static,ignoring_inline_asm
../Core/Src/main.c:71:5:_write	32	static
../Core/Src/main.c:86:5:main	24	static
../Core/Src/main.c:224:6:SystemClock_Config	88	static
../Core/Src/main.c:271:13:MX_I2C1_Init	8	static
../Core/Src/main.c:305:13:MX_TIM3_Init	32	static
../Core/Src/main.c:350:13:MX_USART2_UART_Init	8	static
../Core/Src/main.c:383:13:MX_GPIO_Init	48	static
../Core/Src/main.c:419:6:usDelay	16	static
../Core/Src/main.c:436:6:Error_Handler	4	static,ignoring_inline_asm
